Microchip MPLAB XC8 Compiler V1.12 ()

Linker command line:

--edf=C:\Program Files\Microchip\xc8\v1.12\dat\en_msgs.txt -cs \
  -h+dist/default/production\Renault_Tuner_List-Alpine_WheelRemote.X.production.sym \
  -z -Q16F628 -ol.obj \
  -Mdist/default/production/Renault_Tuner_List-Alpine_WheelRemote.X.production.map \
  -E1 -ver=XC8 -ACONST=00h-0FFhx8 -ACODE=00h-07FFh -ASTRCODE=00h-07FFh \
  -AENTRY=00h-0FFhx8 -ASTRING=00h-0FFhx8 -ACOMMON=070h-07Fh \
  -ABANK0=020h-06Fh -ABANK1=0A0h-0EFh -ABANK2=0120h-014Fh \
  -ARAM=020h-06Fh,0A0h-0EFh,0120h-014Fh \
  -AABS1=020h-07Fh,0A0h-0EFh,0120h-014Fh -ASFR0=00h-01Fh -ASFR1=080h-09Fh \
  -ASFR2=0100h-011Fh -ASFR3=0180h-01EFh \
  -preset_vec=00h,intentry,init,end_init -ppowerup=CODE -pfunctab=CODE \
  -ACONFIG=02007h-02007h -pconfig=CONFIG -DCONFIG=2 -AIDLOC=02000h-02003h \
  -pidloc=IDLOC -DIDLOC=2 -AEEDATA=00h-07Fh/02100h -peeprom_data=EEDATA \
  -DEEDATA=2 -DCODE=2 -DSTRCODE=2 -DSTRING=2 -DCONST=2 -DENTRY=2 -k \
  C:\Users\vulsim\AppData\Local\Temp\s3v0.obj \
  dist/default/production\Renault_Tuner_List-Alpine_WheelRemote.X.production.obj 

Object code version is 3.10

Machine type is 16F628



                Name                               Link     Load   Length Selector   Space Scale
C:\Users\vulsim\AppData\Local\Temp\s3v0.obj
                end_init                              0        0        1        0       0
                config                             2007     2007        1     400E       0
dist/default/production\Renault_Tuner_List-Alpine_WheelRemote.X.production.obj
                text235                             653      653        B      CA6       0
                text234                             676      676       15      CEC       0
                text233                             65E      65E        B      CBC       0
                text232                             669      669        D      CD2       0
                text231                             68B      68B       19      D16       0
                text230                             6E1      6E1       43      DC2       0
                text229                             6A4      6A4       3D      D48       0
                swtext1                              60       60        3       C0       0
                text228                             76C      76C       94      ED8       0
                maintext                            724      724       48      E48       0
                cstackBANK0                          22       22        2       20       1
                cstackCOMMON                         70       70        E       70       1
                dataBANK0                            20       20        2       20       1
                cinit                               64C      64C        7      C98       0
                strings                               1        1       5F        2       0

TOTAL           Name                               Link     Load   Length     Space
        CLASS   CONST          
                swtext1                              60       60        3         0

        CLASS   CODE           
                end_init                              0        0        1         0
                text235                             653      653        B         0
                text234                             676      676       15         0
                text233                             65E      65E        B         0
                text232                             669      669        D         0
                text231                             68B      68B       19         0
                text230                             6E1      6E1       43         0
                text229                             6A4      6A4       3D         0
                text228                             76C      76C       94         0
                maintext                            724      724       48         0
                cinit                               64C      64C        7         0

        CLASS   STRCODE        

        CLASS   ENTRY          

        CLASS   STRING         
                strings                               1        1       5F         0

        CLASS   COMMON         
                cstackCOMMON                         70       70        E         1

        CLASS   BANK0          
                cstackBANK0                          22       22        2         1
                dataBANK0                            20       20        2         1

        CLASS   BANK1          

        CLASS   BANK2          

        CLASS   RAM            

        CLASS   ABS1           
                abs_s1                               7E       7E        2         1

        CLASS   SFR0           

        CLASS   SFR1           

        CLASS   SFR2           

        CLASS   SFR3           

        CLASS   CONFIG         
                config                             2007     2007        1         0

        CLASS   IDLOC          

        CLASS   EEDATA         

        CLASS   BANK3          



SEGMENTS        Name                           Load    Length   Top    Selector   Space  Class     Delta

                reset_vec                      000000  000001  000001         0       0  CODE        2
                strings                        000001  00005F  000060         2       0  STRING      2
                dataBANK0                      000020  000004  000024        20       1  BANK0       1
                cstackCOMMON                   000070  00000E  00007E        70       1  COMMON      1
                swtext1                        000060  000003  000063        C0       0  CONST       2
                cinit                          00064C  000007  000653       C98       0  CODE        2
                text235                        000653  00000B  00065E       CA6       0  CODE        2
                text233                        00065E  00000B  000669       CBC       0  CODE        2
                text232                        000669  00000D  000676       CD2       0  CODE        2
                text234                        000676  000015  00068B       CEC       0  CODE        2
                text231                        00068B  000019  0006A4       D16       0  CODE        2
                text229                        0006A4  00003D  0006E1       D48       0  CODE        2
                text230                        0006E1  000043  000724       DC2       0  CODE        2
                maintext                       000724  000048  00076C       E48       0  CODE        2
                text228                        00076C  000094  000800       ED8       0  CODE        2
                config                         002007  000001  002008      400E       0  CONFIG      2


UNUSED ADDRESS RANGES

        Name                Unused          Largest block    Delta
        BANK0            0024-006F             4C           1
        BANK1            00A0-00EF             50           1
        BANK2            0120-014F             30           1
        CODE             0063-064B            5E9           2
        CONST            0063-064B            100           2
        EEDATA           2100-217F             80           2
        ENTRY            0063-064B            100           2
        IDLOC            2000-2003              4           2
        RAM              0024-006F             4C           1
                         00A0-00EF             50
                         0120-014F             30
        SFR0             0000-001F             20           1
        SFR1             0080-009F             20           1
        SFR2             0100-011F             20           1
        SFR3             0180-01EF             70           1
        STRCODE          0063-064B            5E9           2
        STRING           0063-064B            100           2

                                  Symbol Table

_INTCON                  (abs)        000B
_PORTA                   (abs)        0005
_PORTB                   (abs)        0006
_TRISA                   (abs)        0085
_TRISB                   (abs)        0086
__CFG_BOREN$OFF          (abs)        0000
__CFG_CP$OFF             (abs)        0000
__CFG_CPD$OFF            (abs)        0000
__CFG_FOSC$XT            (abs)        0000
__CFG_LVP$OFF            (abs)        0000
__CFG_MCLRE$OFF          (abs)        0000
__CFG_PWRTE$ON           (abs)        0000
__CFG_WDTE$OFF           (abs)        0000
__Habs1                  abs1         0000
__Hbank0                 bank0        0000
__Hbank1                 bank1        0000
__Hbank2                 bank2        0000
__Hbank3                 bank3        0000
__Hcinit                 cinit        0000
__Hclrtext               clrtext      0000
__Hcode                  code         0000
__Hcommon                common       0000
__Hconfig                config       2008
__HcstackBANK0           cstackBANK0  0000
__HcstackCOMMON          cstackCOMMON 0000
__HdataBANK0             dataBANK0    0000
__Heeprom_data           eeprom_data  0000
__Hend_init              end_init     0001
__Hfunctab               functab      0000
__HidataBANK0            idataBANK0   0000
__Hidloc                 idloc        0000
__Hinit                  init         0000
__Hintentry              intentry     0000
__Hmaintext              maintext     0000
__Hpa_nodes              pa_nodes     0000
__Hpowerup               powerup      0000
__Hram                   ram          0000
__Hreset_vec             reset_vec    0000
__Hsfr0                  sfr0         0000
__Hsfr1                  sfr1         0000
__Hsfr2                  sfr2         0000
__Hsfr3                  sfr3         0000
__Hstrings               strings      0000
__Htext                  text         0000
__Labs1                  abs1         0000
__Lbank0                 bank0        0000
__Lbank1                 bank1        0000
__Lbank2                 bank2        0000
__Lbank3                 bank3        0000
__Lcinit                 cinit        0000
__Lclrtext               clrtext      0000
__Lcode                  code         0000
__Lcommon                common       0000
__Lconfig                config       2007
__LcstackBANK0           cstackBANK0  0000
__LcstackCOMMON          cstackCOMMON 0000
__LdataBANK0             dataBANK0    0000
__Leeprom_data           eeprom_data  0000
__Lend_init              end_init     0000
__Lfunctab               functab      0000
__LidataBANK0            idataBANK0   0000
__Lidloc                 idloc        0000
__Linit                  init         0000
__Lintentry              intentry     0000
__Lmaintext              maintext     0000
__Lpa_nodes              pa_nodes     0000
__Lpowerup               powerup      0000
__Lram                   ram          0000
__Lreset_vec             reset_vec    0000
__Lsfr0                  sfr0         0000
__Lsfr1                  sfr1         0000
__Lsfr2                  sfr2         0000
__Lsfr3                  sfr3         0000
__Lstrings               strings      0000
__Ltext                  text         0000
__S0                     (abs)        2008
__S1                     (abs)        007E
__S2                     (abs)        0000
__end_of__initialization cinit        0651
__end_of__stringtab      strings      0007
__end_of_alpine_packet   strings      0033
__end_of_keyPressed      text230      0724
__end_of_key_cmd1        strings      003C
__end_of_key_cmd2        strings      0045
__end_of_key_mode        strings      004E
__end_of_key_pull_bit    strings      0057
__end_of_key_push_bit    strings      0060
__end_of_main            maintext     076C
__end_of_mark            text233      0669
__end_of_process         text228      0800
__end_of_repeat          text231      06A4
__end_of_repeatCmd       text232      0676
__end_of_sendCmd         text229      06E1
__end_of_setup           text235      065E
__end_of_space           text234      068B
__initialization         cinit        064C
__pcstackBANK0           cstackBANK0  0022
__pcstackCOMMON          cstackCOMMON 0070
__pdataBANK0             dataBANK0    0020
__pidataBANK0            idataBANK0   0000
__pmaintext              maintext     0724
__pstrings               strings      0001
__pswtext1               swtext1      0060
__ptext228               text228      076C
__ptext229               text229      06A4
__ptext230               text230      06E1
__ptext231               text231      068B
__ptext232               text232      0669
__ptext233               text233      065E
__ptext234               text234      0676
__ptext235               text235      0653
__ptext236               text236      0000
__size_of_keyPressed     (abs)        0000
__size_of_main           (abs)        0000
__size_of_mark           (abs)        0000
__size_of_process        (abs)        0000
__size_of_repeat         (abs)        0000
__size_of_repeatCmd      (abs)        0000
__size_of_sendCmd        (abs)        0000
__size_of_setup          (abs)        0000
__size_of_space          (abs)        0000
__stringtab              strings      0001
_alpine_packet           strings      0007
_keyPressed              text230      06E1
_key_cmd1                strings      0033
_key_cmd2                strings      003C
_key_mode                strings      0045
_key_pull_bit            strings      004E
_key_push_bit            strings      0057
_main                    maintext     0724
_mark                    text233      065E
_nRBPU                   (abs)        040F
_process                 text228      076C
_repeat                  text231      068B
_repeatCmd               text232      0669
_sendCmd                 text229      06A4
_setup                   text235      0653
_space                   text234      0676
btemp                    (abs)        007E
end_of_initialization    cinit        0651
intlevel0                functab      0000
intlevel1                functab      0000
intlevel2                functab      0000
intlevel3                functab      0000
intlevel4                functab      0000
intlevel5                functab      0000
keyPressed@i             cstackCOMMON 0075
keyPressed@key           cstackCOMMON 0073
keyPressed@key_pull_mask cstackCOMMON 0071
keyPressed@key_push_mask cstackCOMMON 0074
keyPressed@result        cstackCOMMON 0072
main@activeKey           dataBANK0    0020
main@i                   cstackCOMMON 007D
mark@ntimes              cstackCOMMON 0072
process@encLastKey       dataBANK0    0021
process@key              cstackCOMMON 007C
repeat@key               cstackCOMMON 0075
reset_vec                reset_vec    0000
sendCmd@cmd              cstackCOMMON 0077
sendCmd@nbit             cstackCOMMON 0079
sendCmd@nbyte            cstackCOMMON 0078
space@ntimes             cstackCOMMON 0071
start                    init         0000
start_initialization     cinit        064C
wtemp0                   (abs)        007E


FUNCTION INFORMATION:

 *************** function _main *****************
 Defined at:
		line 194 in file "main.c"
 Parameters:    Size  Location     Type
		None
 Auto vars:     Size  Location     Type
  i               1   13[COMMON] unsigned char 
 Return value:  Size  Location     Type
		None               void
 Registers used:
		wreg, fsr0l, fsr0h, status,2, status,0, pclath, cstack
 Tracked objects:
		On entry : 
		On exit  : 
		Unchanged: 
 Data sizes:     COMMON   BANK0   BANK1   BANK2
      Params:         0       0       0       0
      Locals:         1       0       0       0
      Temps:          0       2       0       0
      Totals:         1       2       0       0
Total ram usage:        3 bytes
 Hardware stack levels required when called:    4
 This function calls:
		_setup
		_keyPressed
		_process
		_repeat
 This function is called by:
		Startup code after reset
 This function uses a non-reentrant model


 *************** function _process *****************
 Defined at:
		line 129 in file "main.c"
 Parameters:    Size  Location     Type
  key             1    wreg     unsigned char 
 Auto vars:     Size  Location     Type
  key             1   12[COMMON] unsigned char 
 Return value:  Size  Location     Type
		None               void
 Registers used:
		wreg, fsr0l, fsr0h, status,2, status,0, pclath, cstack
 Tracked objects:
		On entry : 
		On exit  : 
		Unchanged: 
 Data sizes:     COMMON   BANK0   BANK1   BANK2
      Params:         0       0       0       0
      Locals:         1       0       0       0
      Temps:          2       0       0       0
      Totals:         3       0       0       0
Total ram usage:        3 bytes
 Hardware stack levels used:    1
 Hardware stack levels required when called:    3
 This function calls:
		_sendCmd
		_keyPressed
 This function is called by:
		_main
 This function uses a non-reentrant model


 *************** function _sendCmd *****************
 Defined at:
		line 80 in file "main.c"
 Parameters:    Size  Location     Type
  cmd             1    wreg     unsigned char 
 Auto vars:     Size  Location     Type
  cmd             1    7[COMMON] unsigned char 
  nbit            1    9[COMMON] char 
  nbyte           1    8[COMMON] char 
 Return value:  Size  Location     Type
		None               void
 Registers used:
		wreg, fsr0l, fsr0h, status,2, status,0, pclath, cstack
 Tracked objects:
		On entry : 
		On exit  : 
		Unchanged: 
 Data sizes:     COMMON   BANK0   BANK1   BANK2
      Params:         0       0       0       0
      Locals:         3       0       0       0
      Temps:          4       0       0       0
      Totals:         7       0       0       0
Total ram usage:        7 bytes
 Hardware stack levels used:    1
 Hardware stack levels required when called:    2
 This function calls:
		_mark
		_space
 This function is called by:
		_process
 This function uses a non-reentrant model


 *************** function _keyPressed *****************
 Defined at:
		line 109 in file "main.c"
 Parameters:    Size  Location     Type
  key             1    wreg     unsigned char 
 Auto vars:     Size  Location     Type
  key             1    3[COMMON] unsigned char 
  i               1    5[COMMON] unsigned char 
  key_push_mas    1    4[COMMON] unsigned char 
  result          1    2[COMMON] unsigned char 
  key_pull_mas    1    1[COMMON] unsigned char 
 Return value:  Size  Location     Type
                  1    wreg      unsigned char 
 Registers used:
		wreg, fsr0l, fsr0h, status,2, status,0, pclath
 Tracked objects:
		On entry : 
		On exit  : 
		Unchanged: 
 Data sizes:     COMMON   BANK0   BANK1   BANK2
      Params:         0       0       0       0
      Locals:         5       0       0       0
      Temps:          1       0       0       0
      Totals:         6       0       0       0
Total ram usage:        6 bytes
 Hardware stack levels used:    2
 This function calls:
		Nothing
 This function is called by:
		_process
		_main
 This function uses a non-reentrant model


 *************** function _repeat *****************
 Defined at:
		line 172 in file "main.c"
 Parameters:    Size  Location     Type
  key             1    wreg     unsigned char 
 Auto vars:     Size  Location     Type
  key             1    5[COMMON] unsigned char 
 Return value:  Size  Location     Type
		None               void
 Registers used:
		wreg, fsr0l, fsr0h, status,2, status,0, pclath, cstack
 Tracked objects:
		On entry : 
		On exit  : 
		Unchanged: 
 Data sizes:     COMMON   BANK0   BANK1   BANK2
      Params:         0       0       0       0
      Locals:         1       0       0       0
      Temps:          2       0       0       0
      Totals:         3       0       0       0
Total ram usage:        3 bytes
 Hardware stack levels used:    1
 Hardware stack levels required when called:    3
 This function calls:
		_repeatCmd
 This function is called by:
		_main
 This function uses a non-reentrant model


 *************** function _repeatCmd *****************
 Defined at:
		line 100 in file "main.c"
 Parameters:    Size  Location     Type
		None
 Auto vars:     Size  Location     Type
		None
 Return value:  Size  Location     Type
		None               void
 Registers used:
		wreg, status,2, status,0, pclath, cstack
 Tracked objects:
		On entry : 
		On exit  : 
		Unchanged: 
 Data sizes:     COMMON   BANK0   BANK1   BANK2
      Params:         0       0       0       0
      Locals:         0       0       0       0
      Temps:          0       0       0       0
      Totals:         0       0       0       0
Total ram usage:        0 bytes
 Hardware stack levels used:    1
 Hardware stack levels required when called:    2
 This function calls:
		_mark
		_space
 This function is called by:
		_repeat
 This function uses a non-reentrant model


 *************** function _mark *****************
 Defined at:
		line 73 in file "main.c"
 Parameters:    Size  Location     Type
  ntimes          1    wreg     unsigned char 
 Auto vars:     Size  Location     Type
  ntimes          1    2[COMMON] unsigned char 
 Return value:  Size  Location     Type
		None               void
 Registers used:
		wreg, status,2, status,0, pclath, cstack
 Tracked objects:
		On entry : 
		On exit  : 
		Unchanged: 
 Data sizes:     COMMON   BANK0   BANK1   BANK2
      Params:         0       0       0       0
      Locals:         1       0       0       0
      Temps:          0       0       0       0
      Totals:         1       0       0       0
Total ram usage:        1 bytes
 Hardware stack levels used:    1
 Hardware stack levels required when called:    1
 This function calls:
		_space
 This function is called by:
		_sendCmd
		_repeatCmd
 This function uses a non-reentrant model


 *************** function _space *****************
 Defined at:
		line 64 in file "main.c"
 Parameters:    Size  Location     Type
  ntimes          1    wreg     unsigned char 
 Auto vars:     Size  Location     Type
  ntimes          1    1[COMMON] unsigned char 
 Return value:  Size  Location     Type
		None               void
 Registers used:
		wreg, status,2, status,0
 Tracked objects:
		On entry : 
		On exit  : 
		Unchanged: 
 Data sizes:     COMMON   BANK0   BANK1   BANK2
      Params:         0       0       0       0
      Locals:         1       0       0       0
      Temps:          1       0       0       0
      Totals:         2       0       0       0
Total ram usage:        2 bytes
 Hardware stack levels used:    1
 This function calls:
		Nothing
 This function is called by:
		_mark
		_sendCmd
		_repeatCmd
 This function uses a non-reentrant model


 *************** function _setup *****************
 Defined at:
		line 184 in file "main.c"
 Parameters:    Size  Location     Type
		None
 Auto vars:     Size  Location     Type
		None
 Return value:  Size  Location     Type
		None               void
 Registers used:
		wreg, status,2
 Tracked objects:
		On entry : 
		On exit  : 
		Unchanged: 
 Data sizes:     COMMON   BANK0   BANK1   BANK2
      Params:         0       0       0       0
      Locals:         0       0       0       0
      Temps:          0       0       0       0
      Totals:         0       0       0       0
Total ram usage:        0 bytes
 Hardware stack levels used:    1
 This function calls:
		Nothing
 This function is called by:
		_main
 This function uses a non-reentrant model



MODULE INFORMATION

Module		Function		Class		Link	Load	Size
shared
		_key_cmd1      		STRING         	0033	0000	9
		_key_cmd2      		STRING         	003C	0000	9
		__stringtab    		STRING         	0001	0000	6
		_alpine_packet 		STRING         	0007	0000	44
		_key_push_bit  		STRING         	0057	0000	9
		_key_mode      		STRING         	0045	0000	9
		__initializatio		CODE           	064C	0000	5
		_key_pull_bit  		STRING         	004E	0000	9

shared estimated size: 100

main.c
		_process       		CODE           	076C	0000	148
		_main          		CODE           	0724	0000	72
		_mark          		CODE           	065E	0000	11
		_repeat        		CODE           	068B	0000	25
		_sendCmd       		CODE           	06A4	0000	61
		_repeatCmd     		CODE           	0669	0000	13
		_space         		CODE           	0676	0000	21
		_setup         		CODE           	0653	0000	11
		_keyPressed    		CODE           	06E1	0000	67

main.c estimated size: 429

